
-------------------------------------------------------------------------
|    ___ _   _ ___                                                      |
|   / __| | | |_  )   Release 8.5.0 "Harrier"                           |
|   \__ \ |_| |/ /                                                      |
|   |___/\___//___|   Suite (Computational Fluid Dynamics Code)         |
|                                                                       |
-------------------------------------------------------------------------
| SU2 Project Website: https://su2code.github.io                        |
|                                                                       |
| The SU2 Project is maintained by the SU2 Foundation                   |
| (http://su2foundation.org)                                            |
-------------------------------------------------------------------------
| Copyright 2012-2026, SU2 Contributors                                 |
|                                                                       |
| SU2 is free software; you can redistribute it and/or                  |
| modify it under the terms of the GNU Lesser General Public            |
| License as published by the Free Software Foundation; either          |
| version 2.1 of the License, or (at your option) any later version.    |
|                                                                       |
| SU2 is distributed in the hope that it will be useful,                |
| but WITHOUT ANY WARRANTY; without even the implied warranty of        |
| MERCHANTABILITY or FITNESS FOR A PARTICULAR PURPOSE. See the GNU      |
| Lesser General Public License for more details.                       |
|                                                                       |
| You should have received a copy of the GNU Lesser General Public      |
| License along with SU2. If not, see <http://www.gnu.org/licenses/>.   |
-------------------------------------------------------------------------

Parsing config file for zone 0

----------------- Physical Case Definition ( Zone 0 ) -------------------
Compressible Euler equations.
Mach number: 0.3.
Angle of attack (AoA): 10 deg, and angle of sideslip (AoS): 0 deg.
No restart solution, use the values at infinity (freestream).
Dimensional simulation.
The reference area is 1 m^2.
The semi-span will be computed using the max y(3D) value.
The reference length is 1 m.
Reference origin for moment evaluation is (0.25, 0, 0).
Surface(s) where the force coefficients are evaluated: airfoil.

Surface(s) plotted in the output file: airfoil.
Input mesh file name: naca0020_medium.su2

--------------- Space Numerical Integration ( Zone 0 ) ------------------
Jameson-Schmidt-Turkel scheme (2nd order in space) for the flow inviscid terms.
JST viscous coefficients (2nd & 4th): 0.5, 0.02.
The method includes a grid stretching correction (p = 0.3).
Gradient for upwind reconstruction: Green-Gauss.
Gradient for viscous and source terms: Green-Gauss.

--------------- Time Numerical Integration  ( Zone 0 ) ------------------
Local time stepping (steady state simulation).
Euler implicit method for the flow equations.
FGMRES is used for solving the linear system.
Using a ILU(0) preconditioning.
Convergence criteria of the linear solver: 1e-06.
Max number of linear iterations: 10.
CFL adaptation. Factor down: 0.1, factor up: 2,
                lower limit: 5, upper limit: 10000,
                acceptable linear residual: 0.001'
                starting iteration: 0.
Courant-Friedrichs-Lewy number:        5

------------------ Convergence Criteria  ( Zone 0 ) ---------------------
Maximum number of solver subiterations: 6000.
Begin convergence monitoring at iteration 10.
Residual minimum value: 1e-9.
Cauchy series min. value: 1e-10.
Number of Cauchy elements: 100.
Begin windowed time average at iteration 0.

-------------------- Output Information ( Zone 0 ) ----------------------
File writing frequency: 
+------------------------------------+
|                     File| Frequency|
+------------------------------------+
|                  RESTART|       250|
+------------------------------------+
Writing the convergence history file every 1 inner iterations.
Writing the screen convergence history every 1 inner iterations.
The tabular file format is CSV (.csv).
Convergence history file name: history.
Forces breakdown file name: forces_breakdown.dat.
Surface file name: surface_flow.
Volume file name: flow.
Restart file name: restart_steady10.dat.

------------- Config File Boundary Information ( Zone 0 ) ---------------
+-----------------------------------------------------------------------+
|                        Marker Type|                        Marker Name|
+-----------------------------------------------------------------------+
|                         Euler wall|                            airfoil|
+-----------------------------------------------------------------------+
|                          Far-field|                           farfield|
+-----------------------------------------------------------------------+

-------------------- Output Preprocessing ( Zone 0 ) --------------------

WARNING: SURFACE_PRESSURE_DROP can only be computed for at least 2 surfaces (outlet, inlet, ...)

Screen output fields: INNER_ITER, RMS_DENSITY, LIFT, DRAG, MOMENT_Z
History output group(s): ITER, RMS_RES, AERO_COEFF
Convergence field(s): RMS_DENSITY
Warning: No (valid) fields chosen for time convergence monitoring. Time convergence monitoring inactive.
Volume output fields: COORDINATES, SOLUTION, PRIMITIVE

------------------- Geometry Preprocessing ( Zone 0 ) -------------------
Two dimensional problem.
6179 grid points.
11482 volume elements.
2 surface markers.
800 boundary elements in index 0 (Marker = airfoil).
76 boundary elements in index 1 (Marker = farfield).
11482 triangles.
Setting point connectivity.
Renumbering points (Reverse Cuthill McKee Ordering).
Recomputing point connectivity.
Setting element connectivity.
Checking the numerical grid orientation.
All volume elements are correctly oriented.
There has been a re-orientation of 876 LINE surface elements.
Identifying edges and vertices.
Setting the control volume structure.
Area of the computational grid: 1255.07.
Searching for the closest normal neighbors to the surfaces.
Storing a mapping from global to local point index.
Compute the surface curvature.
Max K: 61252.6. Mean K: 72.4338. Standard deviation K: 2068.28.
Computing mesh quality statistics for the dual control volumes.
+--------------------------------------------------------------+
|           Mesh Quality Metric|        Minimum|        Maximum|
+--------------------------------------------------------------+
|    Orthogonality Angle (deg.)|        23.9612|        89.2723|
|     CV Face Area Aspect Ratio|        1.00338|        22.7343|
|           CV Sub-Volume Ratio|              1|        121.757|
+--------------------------------------------------------------+
Finding max control volume width.
Wetted area = 2.09069 m.
Area projection in the x-plane = 0.200016 m, y-plane = 0.999969 m.
Max. coordinate in the x-direction = 1 m, y-direction = 0.10001 m.
Min. coordinate in the x-direction = 0 m, y-direction = -0.10001 m.
Computing wall distances.

-------------------- Solver Preprocessing ( Zone 0 ) --------------------
Inviscid flow: Computing density based on free-stream
temperature and pressure using the ideal gas law.
Force coefficients computed using free-stream values.

-- Models:
+------------------------------------------------------------------------------+
|          Viscosity Model|        Conductivity Model|              Fluid Model|
+------------------------------------------------------------------------------+
|                        -|                         -|             STANDARD_AIR|
+------------------------------------------------------------------------------+
-- Fluid properties:
+------------------------------------------------------------------------------+
|                  Name|    Dim. value|    Ref. value|      Unit|Non-dim. value|
+------------------------------------------------------------------------------+
|          Gas Constant|       287.058|             1|  N.m/kg.K|       287.058|
|      Spec. Heat Ratio|             -|             -|         -|           1.4|
+------------------------------------------------------------------------------+
-- Initial and free-stream conditions:
+------------------------------------------------------------------------------+
|                  Name|    Dim. value|    Ref. value|      Unit|Non-dim. value|
+------------------------------------------------------------------------------+
|       Static Pressure|        101325|             1|        Pa|        101325|
|               Density|       1.22498|             1|    kg/m^3|       1.22498|
|           Temperature|        288.15|             1|         K|        288.15|
|          Total Energy|        212000|             1|   m^2/s^2|        212000|
|            Velocity-X|       100.538|             1|       m/s|       100.538|
|            Velocity-Y|       17.7276|             1|       m/s|       17.7276|
|    Velocity Magnitude|       102.089|             1|       m/s|       102.089|
+------------------------------------------------------------------------------+
|           Mach Number|             -|             -|         -|           0.3|
+------------------------------------------------------------------------------+
WARNING: On 1 MPI ranks the coloring efficiency was less than 0.875 (min value was 0.574902).
         Those ranks will now use a fallback strategy, better performance may be possible
         with a different value of config option EDGE_COLORING_GROUP_SIZE (default 512).
Initialize Jacobian structure (Euler). MG level: 0.

------------------- Numerics Preprocessing ( Zone 0 ) -------------------

----------------- Integration Preprocessing ( Zone 0 ) ------------------

------------------- Iteration Preprocessing ( Zone 0 ) ------------------
Euler/Navier-Stokes/RANS fluid iteration.

------------------------------ Begin Solver -----------------------------

Simulation Run using the Single-zone Driver
+----------------------------------------------------------------+
|  Inner_Iter|    rms[Rho]|          CL|          CD|         CMz|
+----------------------------------------------------------------+
|           0|   -1.473825|    2.111242|    1.154194|    0.604875|
|           1|   -1.697390|    3.084834|    1.831396|    0.850974|
|           2|   -1.788438|    3.136941|    1.958234|    0.845802|
|           3|   -1.740102|    2.823971|    1.799014|    0.744209|
|           4|   -1.672454|    2.468963|    1.571598|    0.644786|
|           5|   -1.644224|    2.079314|    1.257943|    0.530292|
|           6|   -1.616353|    1.897906|    1.106725|    0.476269|
|           7|   -1.600800|    1.806067|    0.947867|    0.431387|
|           8|   -1.589660|    1.807076|    0.899126|    0.420534|
|           9|   -1.583467|    1.835934|    0.803852|    0.396298|
|          10|   -1.585242|    1.862225|    0.768339|    0.387244|
|          11|   -1.578953|    1.837578|    0.647859|    0.339886|
|          12|   -1.570405|    1.815263|    0.590140|    0.314701|
|          13|   -1.555453|    1.705004|    0.442969|    0.240519|
|          14|   -1.534729|    1.642032|    0.375232|    0.203877|
|          15|   -1.517904|    1.477132|    0.231073|    0.117923|
|          16|   -1.498912|    1.395843|    0.169651|    0.079009|
|          17|   -1.486745|    1.199835|    0.046273|   -0.004853|
|          18|   -1.476171|    1.109023|   -0.003306|   -0.040367|
|          19|   -1.469807|    0.892732|   -0.100852|   -0.113121|
|          20|   -1.468395|    0.794906|   -0.138491|   -0.142391|
|          21|   -1.467112|    0.568559|   -0.209457|   -0.199253|
|          22|   -1.472857|    0.468428|   -0.235373|   -0.220947|
|          23|   -1.474543|    0.246176|   -0.279796|   -0.260809|
|          24|   -1.483107|    0.150608|   -0.294251|   -0.275112|
|          25|   -1.484854|   -0.052337|   -0.313814|   -0.299963|
|          26|   -1.492442|   -0.136308|   -0.317852|   -0.308177|
|          27|   -1.492491|   -0.304282|   -0.315738|   -0.320799|
|          28|   -1.497466|   -0.369585|   -0.310947|   -0.324138|
|          29|   -1.495937|   -0.486142|   -0.290734|   -0.325813|
|          30|   -1.498809|   -0.525461|   -0.278639|   -0.324411|
|          31|   -1.497390|   -0.575213|   -0.243598|   -0.314219|
|          32|   -1.501083|   -0.582506|   -0.225663|   -0.307330|
|          33|   -1.502039|   -0.556146|   -0.179369|   -0.283660|
|          34|   -1.509920|   -0.529068|   -0.157273|   -0.270578|
|          35|   -1.514233|   -0.427712|   -0.103988|   -0.232955|
|          36|   -1.526812|   -0.369056|   -0.079736|   -0.213818|
|          37|   -1.533013|   -0.204930|   -0.024256|   -0.163872|
|          38|   -1.547083|   -0.122187|   -0.000027|   -0.139866|
|          39|   -1.552461|    0.084607|    0.052913|   -0.081075|
|          40|   -1.564376|    0.181405|    0.075111|   -0.054060|
|          41|   -1.567833|    0.408139|    0.121559|    0.009235|
|          42|   -1.577645|    0.508839|    0.140192|    0.037245|
|          43|   -1.580939|    0.734430|    0.177470|    0.100629|
|          44|   -1.592268|    0.830517|    0.191673|    0.127780|
|          45|   -1.598248|    1.037959|    0.218550|    0.187022|
|          46|   -1.614857|    1.123003|    0.228083|    0.211540|
|          47|   -1.625393|    1.299280|    0.244467|    0.262266|
|          48|   -1.648863|    1.368485|    0.249506|    0.282240|
|          49|   -1.664096|    1.503688|    0.255981|    0.319776|
|          50|   -1.693245|    1.553417|    0.256885|    0.333158|
|          51|   -1.711533|    1.640339|    0.254326|    0.352995|
|          52|   -1.742575|    1.668065|    0.251514|    0.357920|
|          53|   -1.760732|    1.702724|    0.240950|    0.356734|
|          54|   -1.788050|    1.707413|    0.234887|    0.352052|
|          55|   -1.802289|    1.690006|    0.217552|    0.328825|
|          56|   -1.820481|    1.672582|    0.208807|    0.314581|
|          57|   -1.828314|    1.608044|    0.186229|    0.271265|
|          58|   -1.835392|    1.571527|    0.175516|    0.248882|
|          59|   -1.837317|    1.469113|    0.149510|    0.190268|
|          60|   -1.836330|    1.418248|    0.137668|    0.162328|
|          61|   -1.835356|    1.290272|    0.110234|    0.095223|
|          62|   -1.832298|    1.230865|    0.098160|    0.064995|
|          63|   -1.831889|    1.091078|    0.071327|   -0.002946|
|          64|   -1.832290|    1.029228|    0.059900|   -0.032070|
|          65|   -1.834881|    0.891167|    0.035567|   -0.093533|
|          66|   -1.841985|    0.832563|    0.025573|   -0.118534|
|          67|   -1.848615|    0.708135|    0.005360|   -0.167507|
|          68|   -1.863136|    0.657534|   -0.002568|   -0.186077|
|          69|   -1.873552|    0.556054|   -0.017456|   -0.218421|
|          70|   -1.893949|    0.516918|   -0.022892|   -0.229158|
|          71|   -1.906760|    0.444474|   -0.031776|   -0.242908|
|          72|   -1.929542|    0.418788|   -0.034539|   -0.245386|
|          73|   -1.942465|    0.378041|   -0.037319|   -0.240758|
|          74|   -1.963017|    0.366331|   -0.037469|   -0.235460|
|          75|   -1.973612|    0.356767|   -0.034589|   -0.214608|
|          76|   -1.988210|    0.358284|   -0.032407|   -0.202788|
|          77|   -1.995185|    0.376781|   -0.024751|   -0.169387|
|          78|   -2.003328|    0.389774|   -0.020677|   -0.152876|
|          79|   -2.007373|    0.431339|   -0.009424|   -0.111596|
|          80|   -2.011979|    0.453388|   -0.004001|   -0.092551|
|          81|   -2.015119|    0.512003|    0.009539|   -0.048422|
|          82|   -2.020348|    0.540386|    0.015734|   -0.029048|
|          83|   -2.024646|    0.609844|    0.030257|    0.013199|
|          84|   -2.033796|    0.641882|    0.036663|    0.030944|
|          85|   -2.040601|    0.716465|    0.050969|    0.067455|
|          86|   -2.055346|    0.749755|    0.057077|    0.082074|
|          87|   -2.065188|    0.824575|    0.070128|    0.110209|
|          88|   -2.085627|    0.857103|    0.075505|    0.120781|
|          89|   -2.098321|    0.928168|    0.086447|    0.139212|
|          90|   -2.123175|    0.958332|    0.090758|    0.145398|
|          91|   -2.137942|    1.022484|    0.098955|    0.154007|
|          92|   -2.164805|    1.049051|    0.101967|    0.155974|
|          93|   -2.180434|    1.103852|    0.107016|    0.155616|
|          94|   -2.206299|    1.125896|    0.108603|    0.153902|
|          95|   -2.221481|    1.169546|    0.110346|    0.146091|
|          96|   -2.243783|    1.186409|    0.110486|    0.141454|
|          97|   -2.257615|    1.217707|    0.109008|    0.128059|
|          98|   -2.275353|    1.228983|    0.107781|    0.121356|
|          99|   -2.287671|    1.247329|    0.103396|    0.104338|
|         100|   -2.301639|    1.252859|    0.100970|    0.096414|
|         101|   -2.312861|    1.258243|    0.094185|    0.077619|
|         102|   -2.324683|    1.258119|    0.090808|    0.069236|
|         103|   -2.335267|    1.251092|    0.082266|    0.050253|
|         104|   -2.346066|    1.245656|    0.078239|    0.042047|
|         105|   -2.356028|    1.227288|    0.068665|    0.024136|
|         106|   -2.365680|    1.217121|    0.064320|    0.016596|
|         107|   -2.374480|    1.188954|    0.054458|    0.000670|
|         108|   -2.381767|    1.174845|    0.050122|   -0.005861|
|         109|   -2.388600|    1.138857|    0.040676|   -0.019201|
|         110|   -2.392152|    1.121772|    0.036648|   -0.024515|
|         111|   -2.396558|    1.080334|    0.028239|   -0.034932|
|         112|   -2.396088|    1.061386|    0.024768|   -0.038926|
|         113|   -2.398420|    1.017175|    0.017891|   -0.046287|
|         114|   -2.395197|    0.997574|    0.015167|   -0.048941|
|         115|   -2.396535|    0.953446|    0.010175|   -0.053268|
|         116|   -2.392779|    0.934454|    0.008323|   -0.054617|
|         117|   -2.394391|    0.893291|    0.005422|   -0.056041|
|         118|   -2.392248|    0.876146|    0.004507|   -0.056158|
|         119|   -2.395106|    0.840667|    0.003759|   -0.054891|
|         120|   -2.395939|    0.826506|    0.003786|   -0.053878|
|         121|   -2.400479|    0.799072|    0.005121|   -0.050197|
|         122|   -2.404609|    0.788836|    0.006036|   -0.048186|
|         123|   -2.410686|    0.771261|    0.009258|   -0.042425|
|         124|   -2.417386|    0.765622|    0.010956|   -0.039570|
|         125|   -2.424332|    0.759015|    0.015755|   -0.032124|
|         126|   -2.431976|    0.758312|    0.018079|   -0.028610|
|         127|   -2.438762|    0.762986|    0.024047|   -0.019931|
|         128|   -2.445225|    0.767187|    0.026797|   -0.015972|
|         129|   -2.450786|    0.782618|    0.033444|   -0.006574|
|         130|   -2.454199|    0.791323|    0.036394|   -0.002406|
|         131|   -2.457895|    0.816168|    0.043174|    0.007142|
|         132|   -2.457499|    0.828636|    0.046079|    0.011264|
|         133|   -2.459426|    0.860829|    0.052434|    0.020367|
|         134|   -2.455897|    0.876042|    0.055054|    0.024185|
|         135|   -2.456783|    0.912970|    0.060451|    0.032253|
|         136|   -2.451774|    0.929722|    0.062567|    0.035519|
|         137|   -2.452561|    0.968462|    0.066554|    0.042020|
|         138|   -2.447896|    0.985453|    0.067986|    0.044517|
|         139|   -2.449358|    1.023021|    0.070226|    0.049019|
|         140|   -2.446446|    1.038968|    0.070852|    0.050579|
|         141|   -2.449005|    1.072561|    0.071155|    0.052791|
|         142|   -2.448599|    1.086299|    0.070916|    0.053314|
|         143|   -2.452318|    1.113535|    0.069257|    0.053119|
|         144|   -2.454535|    1.124115|    0.068172|    0.052585|
|         145|   -2.459190|    1.143222|    0.064695|    0.050054|
|         146|   -2.463620|    1.149987|    0.062855|    0.048526|
|         147|   -2.468819|    1.159926|    0.057859|    0.043913|
|         148|   -2.474681|    1.162557|    0.055420|    0.041535|
|         149|   -2.479982|    1.163079|    0.049329|    0.035257|
|         150|   -2.486317|    1.161606|    0.046499|    0.032240|
|         151|   -2.491355|    1.153217|    0.039823|    0.024836|
|         152|   -2.497265|    1.148005|    0.036840|    0.021437|
|         153|   -2.501857|    1.131890|    0.030131|    0.013525|
|         154|   -2.506733|    1.123587|    0.027244|    0.010027|
|         155|   -2.510919|    1.101494|    0.021048|    0.002250|
|         156|   -2.514574|    1.090962|    0.018487|   -0.001066|
|         157|   -2.518563|    1.065039|    0.013294|   -0.008093|
|         158|   -2.521190|    1.053269|    0.011256|   -0.010973|
|         159|   -2.525240|    1.025856|    0.007458|   -0.016719|
|         160|   -2.527247|    1.013877|    0.006086|   -0.018954|
|         161|   -2.531537|    0.987298|    0.003942|   -0.023015|
|         162|   -2.533329|    0.976095|    0.003324|   -0.024455|
|         163|   -2.537850|    0.952473|    0.002948|   -0.026582|
|         164|   -2.539650|    0.942914|    0.003104|   -0.027148|
|         165|   -2.544194|    0.924013|    0.004461|   -0.027260|
|         166|   -2.546001|    0.916790|    0.005352|   -0.026947|
|         167|   -2.550234|    0.903895|    0.008270|   -0.025131|
|         168|   -2.551907|    0.899476|    0.009797|   -0.024007|
|         169|   -2.555520|    0.893320|    0.013983|   -0.020505|
|         170|   -2.556935|    0.891926|    0.016000|   -0.018701|
|         171|   -2.559795|    0.892655|    0.021070|   -0.013881|
|         172|   -2.560978|    0.894252|    0.023395|   -0.011577|
|         173|   -2.563207|    0.901449|    0.028905|   -0.005895|
|         174|   -2.564391|    0.905767|    0.031340|   -0.003302|
|         175|   -2.566348|    0.918531|    0.036829|    0.002742|
|         176|   -2.567922|    0.925091|    0.039169|    0.005400|
|         177|   -2.570091|    0.942141|    0.044193|    0.011304|
|         178|   -2.572479|    0.950305|    0.046247|    0.013806|
|         179|   -2.575331|    0.970078|    0.050408|    0.019100|
|         180|   -2.578851|    0.979107|    0.052013|    0.021250|
|         181|   -2.582716|    0.999876|    0.054993|    0.025533|
|         182|   -2.587471|    1.008999|    0.056032|    0.027170|
|         183|   -2.592443|    1.029034|    0.057619|    0.030137|
|         184|   -2.598228|    1.037515|    0.058025|    0.031153|
|         185|   -2.604113|    1.055227|    0.058131|    0.032617|
|         186|   -2.610378|    1.062422|    0.057891|    0.032955|
|         187|   -2.616696|    1.076495|    0.056552|    0.032856|
|         188|   -2.622614|    1.081896|    0.055706|    0.032516|
|         189|   -2.628685|    1.091384|    0.053077|    0.030922|
|         190|   -2.633372|    1.094655|    0.051712|    0.029957|
|         191|   -2.638502|    1.099044|    0.048049|    0.027051|
|         192|   -2.641358|    1.100042|    0.046292|    0.025561|
|         193|   -2.645108|    1.099276|    0.041924|    0.021627|
|         194|   -2.646137|    1.098054|    0.039928|    0.019750|
|         195|   -2.648515|    1.092514|    0.035229|    0.015143|
|         196|   -2.648397|    1.089310|    0.033159|    0.013043|
|         197|   -2.649866|    1.079763|    0.028509|    0.008159|
|         198|   -2.649714|    1.074968|    0.026531|    0.006013|
|         199|   -2.651002|    1.062471|    0.022284|    0.001251|
|         200|   -2.651993|    1.056589|    0.020543|   -0.000769|
|         201|   -2.653858|    1.042369|    0.016996|   -0.005038|
|         202|   -2.656927|    1.035968|    0.015611|   -0.006776|
|         203|   -2.659974|    1.021315|    0.012986|   -0.010237|
|         204|   -2.665648|    1.014978|    0.012039|   -0.011566|
|         205|   -2.670232|    1.001162|    0.010471|   -0.013976|
|         206|   -2.678549|    0.995434|    0.010002|   -0.014808|
|         207|   -2.684717|    0.983598|    0.009530|   -0.016018|
|         208|   -2.695189|    0.978939|    0.009537|   -0.016309|
|         209|   -2.702642|    0.970000|    0.010111|   -0.016270|
|         210|   -2.714244|    0.966754|    0.010553|   -0.016019|
|         211|   -2.722332|    0.961345|    0.012044|   -0.014785|
|         212|   -2.733572|    0.959723|    0.012851|   -0.014036|
|         213|   -2.741373|    0.958151|    0.015065|   -0.011756|
|         214|   -2.750619|    0.958223|    0.016143|   -0.010589|
|         215|   -2.757167|    0.958838|    0.017315|   -0.009277|
|         216|   -2.762915|    0.959999|    0.018576|   -0.007827|
|         217|   -2.767560|    0.961705|    0.019913|   -0.006248|
|         218|   -2.770998|    0.963952|    0.021311|   -0.004560|
|         219|   -2.773283|    0.966728|    0.022751|   -0.002784|
|         220|   -2.774570|    0.970018|    0.024216|   -0.000941|
|         221|   -2.775063|    0.973798|    0.025688|    0.000945|
|         222|   -2.774970|    0.978036|    0.027153|    0.002855|
|         223|   -2.774485|    0.982693|    0.028595|    0.004769|
|         224|   -2.773776|    0.987725|    0.030003|    0.006668|
|         225|   -2.772988|    0.993081|    0.031365|    0.008535|
|         226|   -2.772248|    0.998706|    0.032668|    0.010354|
|         227|   -2.771665|    1.004541|    0.033903|    0.012107|
|         228|   -2.771337|    1.010526|    0.035058|    0.013778|
|         229|   -2.771348|    1.016599|    0.036124|    0.015352|
|         230|   -2.771774|    1.022701|    0.037093|    0.016814|
|         231|   -2.772677|    1.028772|    0.037957|    0.018151|
|         232|   -2.774109|    1.034751|    0.038711|    0.019349|
|         233|   -2.776107|    1.040583|    0.039350|    0.020398|
|         234|   -2.778697|    1.046211|    0.039870|    0.021289|
|         235|   -2.781892|    1.051583|    0.040271|    0.022013|
|         236|   -2.785692|    1.056650|    0.040552|    0.022566|
|         237|   -2.790082|    1.061363|    0.040714|    0.022942|
|         238|   -2.795036|    1.065681|    0.040759|    0.023139|
|         239|   -2.800515|    1.073063|    0.040418|    0.022860|
|         240|   -2.811227|    1.075763|    0.040139|    0.022526|
|         241|   -2.816941|    1.079628|    0.039172|    0.021163|
|         242|   -2.828891|    1.080688|    0.038646|    0.020376|
|         243|   -2.836352|    1.081095|    0.037209|    0.018108|
|         244|   -2.849637|    1.080658|    0.036510|    0.016967|
|         245|   -2.857945|    1.077873|    0.034750|    0.014011|
|         246|   -2.870285|    1.076112|    0.033941|    0.012617|
|         247|   -2.877926|    1.070535|    0.031990|    0.009216|
|         248|   -2.887120|    1.067654|    0.031123|    0.007678|
|         249|   -2.892983|    1.059851|    0.029105|    0.004098|
|         250|   -2.898263|    1.056123|    0.028232|    0.002536|
+-----------------------------------------------------------------------+
|        File Writing Summary       |              Filename             |
+-----------------------------------------------------------------------+
|SU2 binary restart                 |restart_steady10.dat               |
+-----------------------------------------------------------------------+
+----------------------------------------------------------------+
|  Inner_Iter|    rms[Rho]|          CL|          CD|         CMz|
+----------------------------------------------------------------+
|         251|   -2.902120|    1.046816|    0.026261|   -0.000946|
|         252|   -2.904481|    1.042577|    0.025428|   -0.002415|
|         253|   -2.906986|    1.038135|    0.024596|   -0.003868|
|         254|   -2.909316|    1.033511|    0.023766|   -0.005298|
|         255|   -2.911449|    1.028756|    0.022944|   -0.006686|
|         256|   -2.913430|    1.023937|    0.022142|   -0.008011|
|         257|   -2.915371|    1.019127|    0.021369|   -0.009248|
|         258|   -2.917432|    1.014397|    0.020636|   -0.010376|
|         259|   -2.919792|    1.009809|    0.019951|   -0.011378|
|         260|   -2.922615|    1.005414|    0.019320|   -0.012244|
|         261|   -2.926043|    1.001256|    0.018746|   -0.012965|
|         262|   -2.930178|    0.997369|    0.018231|   -0.013538|
|         263|   -2.935090|    0.990268|    0.017361|   -0.014182|
|         264|   -2.946344|    0.987586|    0.017060|   -0.014283|
|         265|   -2.952422|    0.983123|    0.016622|   -0.013967|
|         266|   -2.967688|    0.981707|    0.016514|   -0.013654|
|         267|   -2.976838|    0.979936|    0.016464|   -0.012503|
|         268|   -2.996989|    0.979715|    0.016518|   -0.011852|
|         269|   -3.008732|    0.980539|    0.016808|   -0.010020|
|         270|   -3.031806|    0.981423|    0.017000|   -0.009104|
|         271|   -3.044813|    0.984629|    0.017584|   -0.006764|
|         272|   -3.067812|    0.986492|    0.017894|   -0.005665|
|         273|   -3.080493|    0.991710|    0.018718|   -0.003019|
|         274|   -3.100442|    0.994361|    0.019119|   -0.001830|
|         275|   -3.111411|    1.001064|    0.020114|    0.000900|
|         276|   -3.126515|    1.004250|    0.020576|    0.002083|
|         277|   -3.135156|    1.011810|    0.021666|    0.004675|
|         278|   -3.145727|    1.015248|    0.022154|    0.005757|
|         279|   -3.152488|    1.023011|    0.023256|    0.008008|
|         280|   -3.160778|    1.026415|    0.023736|    0.008907|
|         281|   -3.166876|    1.033753|    0.024773|    0.010651|
|         282|   -3.175936|    1.036860|    0.025210|    0.011302|
|         283|   -3.182788|    1.043225|    0.026110|    0.012420|
|         284|   -3.195320|    1.045812|    0.026476|    0.012780|
|         285|   -3.204092|    1.050772|    0.027180|    0.013209|
|         286|   -3.221827|    1.052671|    0.027450|    0.013260|
|         287|   -3.233216|    1.055936|    0.027917|    0.012995|
|         288|   -3.256668|    1.057044|    0.028075|    0.012745|
|         289|   -3.270764|    1.058469|    0.028281|    0.011834|
|         290|   -3.299033|    1.058751|    0.028323|    0.011315|
|         291|   -3.315173|    1.058339|    0.028265|    0.009855|
|         292|   -3.345672|    1.057828|    0.028193|    0.009119|
|         293|   -3.362328|    1.055719|    0.027887|    0.007244|
|         294|   -3.390845|    1.054507|    0.027712|    0.006359|
|         295|   -3.405882|    1.050964|    0.027193|    0.004230|
|         296|   -3.427918|    1.049190|    0.026933|    0.003269|
|         297|   -3.439598|    1.044566|    0.026248|    0.001059|
|         298|   -3.453078|    1.042398|    0.025926|    0.000097|
|         299|   -3.461333|    1.037103|    0.025130|   -0.002026|
|         300|   -3.468269|    1.034728|    0.024772|   -0.002918|
|         301|   -3.474786|    1.029187|    0.023925|   -0.004804|
|         302|   -3.479771|    1.026788|    0.023556|   -0.005566|
|         303|   -3.486820|    1.021411|    0.022716|   -0.007091|
|         304|   -3.494326|    1.019159|    0.022360|   -0.007676|
|         305|   -3.503715|    1.014305|    0.021578|   -0.008756|
|         306|   -3.516670|    1.012347|    0.021257|   -0.009133|
|         307|   -3.529402|    1.008306|    0.020574|   -0.009721|
|         308|   -3.548970|    1.006752|    0.020303|   -0.009879|
|         309|   -3.565200|    1.003730|    0.019749|   -0.009972|
|         310|   -3.590718|    1.002654|    0.019538|   -0.009916|
|         311|   -3.609594|    1.000768|    0.019130|   -0.009548|
|         312|   -3.638112|    1.000202|    0.018985|   -0.009299|
|         313|   -3.657396|    0.999478|    0.018725|   -0.008536|
|         314|   -3.683150|    0.999421|    0.018645|   -0.008130|
|         315|   -3.699148|    0.999807|    0.018529|   -0.007063|
|         316|   -3.714722|    1.000219|    0.018510|   -0.006544|
|         317|   -3.723768|    1.001597|    0.018523|   -0.005279|
|         318|   -3.724703|    1.002414|    0.018558|   -0.004694|
|         319|   -3.726066|    1.004611|    0.018680|   -0.003344|
|         320|   -3.714820|    1.005747|    0.018760|   -0.002746|
|         321|   -3.711262|    1.008549|    0.018969|   -0.001422|
|         322|   -3.694529|    1.009905|    0.019082|   -0.000856|
|         323|   -3.689637|    1.013076|    0.019353|    0.000340|
|         324|   -3.673217|    1.014544|    0.019489|    0.000832|
|         325|   -3.669374|    1.017841|    0.019798|    0.001818|
|         326|   -3.656330|    1.019317|    0.019946|    0.002204|
|         327|   -3.654539|    1.022509|    0.020269|    0.002916|
|         328|   -3.645752|    1.023895|    0.020420|    0.003174|
|         329|   -3.646098|    1.026773|    0.020736|    0.003578|
|         330|   -3.641149|    1.027984|    0.020880|    0.003697|
|         331|   -3.643194|    1.030376|    0.021170|    0.003782|
|         332|   -3.640929|    1.031343|    0.021299|    0.003762|
|         333|   -3.643953|    1.033116|    0.021547|    0.003539|
|         334|   -3.642827|    1.033791|    0.021654|    0.003390|
|         335|   -3.645992|    1.034858|    0.021845|    0.002895|
|         336|   -3.644386|    1.035212|    0.021924|    0.002635|
|         337|   -3.646919|    1.035536|    0.022047|    0.001915|
|         338|   -3.643531|    1.035562|    0.022094|    0.001569|
|         339|   -3.644927|    1.035151|    0.022140|    0.000688|
|         340|   -3.639151|    1.034861|    0.022152|    0.000284|
|         341|   -3.639315|    1.033769|    0.022116|   -0.000690|
|         342|   -3.631419|    1.033195|    0.022092|   -0.001122|
|         343|   -3.630666|    1.031511|    0.021974|   -0.002120|
|         344|   -3.621630|    1.030700|    0.021914|   -0.002548|
|         345|   -3.620519|    1.028548|    0.021718|   -0.003505|
|         346|   -3.611632|    1.027559|    0.021625|   -0.003903|
|         347|   -3.610757|    1.025086|    0.021360|   -0.004761|
|         348|   -3.603228|    1.023986|    0.021239|   -0.005106|
|         349|   -3.603067|    1.021352|    0.020919|   -0.005820|
|         350|   -3.597783|    1.020213|    0.020777|   -0.006095|
|         351|   -3.598634|    1.017579|    0.020420|   -0.006631|
|         352|   -3.596082|    1.016473|    0.020265|   -0.006825|
|         353|   -3.598065|    1.013995|    0.019893|   -0.007168|
|         354|   -3.598336|    1.012985|    0.019736|   -0.007275|
|         355|   -3.601414|    1.010801|    0.019371|   -0.007424|
|         356|   -3.604229|    1.009946|    0.019222|   -0.007446|
|         357|   -3.608232|    1.008168|    0.018887|   -0.007412|
|         358|   -3.612971|    1.007510|    0.018755|   -0.007357|
|         359|   -3.617616|    1.006219|    0.018471|   -0.007163|
|         360|   -3.623352|    1.005788|    0.018365|   -0.007044|
|         361|   -3.628261|    1.005030|    0.018148|   -0.006723|
|         362|   -3.633856|    1.004838|    0.018075|   -0.006556|
|         363|   -3.638591|    1.004622|    0.017934|   -0.006147|
|         364|   -3.642873|    1.004666|    0.017897|   -0.005950|
|         365|   -3.647002|    1.004964|    0.017839|   -0.005496|
|         366|   -3.649009|    1.005224|    0.017839|   -0.005287|
|         367|   -3.652181|    1.005974|    0.017860|   -0.004830|
|         368|   -3.651405|    1.006418|    0.017893|   -0.004627|
|         369|   -3.653439|    1.007530|    0.017983|   -0.004206|
|         370|   -3.649985|    1.008112|    0.018044|   -0.004026|
|         371|   -3.650912|    1.009473|    0.018188|   -0.003677|
|         372|   -3.645457|    1.010140|    0.018269|   -0.003533|
|         373|   -3.645500|    1.010834|    0.018355|   -0.003401|
|         374|   -3.644860|    1.011548|    0.018445|   -0.003282|
|         375|   -3.643638|    1.012276|    0.018537|   -0.003178|
|         376|   -3.641894|    1.013011|    0.018631|   -0.003090|
|         377|   -3.639709|    1.013744|    0.018725|   -0.003021|
|         378|   -3.637210|    1.014468|    0.018820|   -0.002971|
|         379|   -3.634558|    1.015172|    0.018913|   -0.002942|
|         380|   -3.631912|    1.015851|    0.019003|   -0.002933|
|         381|   -3.629399|    1.016496|    0.019090|   -0.002945|
|         382|   -3.627102|    1.017101|    0.019170|   -0.002978|
|         383|   -3.625069|    1.017662|    0.019243|   -0.003031|
|         384|   -3.623328|    1.018171|    0.019308|   -0.003104|
|         385|   -3.621896|    1.018626|    0.019364|   -0.003197|
|         386|   -3.620780|    1.019022|    0.019409|   -0.003308|
|         387|   -3.619988|    1.019355|    0.019443|   -0.003436|
|         388|   -3.619523|    1.019623|    0.019465|   -0.003581|
|         389|   -3.619383|    1.019822|    0.019476|   -0.003741|
|         390|   -3.619563|    1.019950|    0.019474|   -0.003916|
|         391|   -3.620051|    1.020006|    0.019459|   -0.004103|
|         392|   -3.620826|    1.019988|    0.019432|   -0.004302|
|         393|   -3.621863|    1.019896|    0.019392|   -0.004511|
|         394|   -3.623130|    1.019730|    0.019339|   -0.004730|
|         395|   -3.624592|    1.019492|    0.019274|   -0.004955|
|         396|   -3.626209|    1.019182|    0.019197|   -0.005187|
|         397|   -3.627944|    1.018803|    0.019109|   -0.005424|
|         398|   -3.629755|    1.018359|    0.019010|   -0.005664|
|         399|   -3.631606|    1.017851|    0.018902|   -0.005905|
|         400|   -3.633459|    1.017285|    0.018784|   -0.006146|
|         401|   -3.635276|    1.016664|    0.018659|   -0.006385|
|         402|   -3.637026|    1.015994|    0.018527|   -0.006622|
|         403|   -3.638675|    1.015279|    0.018388|   -0.006854|
|         404|   -3.640197|    1.014525|    0.018246|   -0.007080|
|         405|   -3.641566|    1.013737|    0.018099|   -0.007299|
|         406|   -3.642765|    1.012921|    0.017951|   -0.007510|
|         407|   -3.643783|    1.012084|    0.017802|   -0.007712|
|         408|   -3.644616|    1.011231|    0.017653|   -0.007903|
|         409|   -3.645270|    1.010368|    0.017506|   -0.008082|
|         410|   -3.645759|    1.009502|    0.017361|   -0.008250|
|         411|   -3.646107|    1.008639|    0.017221|   -0.008404|
|         412|   -3.646344|    1.007784|    0.017086|   -0.008546|
|         413|   -3.646509|    1.006943|    0.016956|   -0.008674|
|         414|   -3.646645|    1.006123|    0.016835|   -0.008788|
|         415|   -3.646798|    1.005328|    0.016721|   -0.008889|
|         416|   -3.647017|    1.004563|    0.016616|   -0.008975|
|         417|   -3.647351|    1.003834|    0.016521|   -0.009047|
|         418|   -3.647847|    1.003144|    0.016436|   -0.009107|
|         419|   -3.648552|    1.002498|    0.016361|   -0.009152|
|         420|   -3.649507|    1.001899|    0.016298|   -0.009186|
|         421|   -3.650750|    1.001350|    0.016246|   -0.009207|
|         422|   -3.652314|    1.000854|    0.016205|   -0.009216|
|         423|   -3.654228|    1.000413|    0.016176|   -0.009215|
|         424|   -3.656514|    1.000029|    0.016158|   -0.009204|
|         425|   -3.659187|    0.999702|    0.016151|   -0.009183|
|         426|   -3.662256|    0.999433|    0.016155|   -0.009155|
|         427|   -3.665724|    0.999221|    0.016169|   -0.009119|
|         428|   -3.669584|    0.999067|    0.016193|   -0.009077|
|         429|   -3.673823|    0.998969|    0.016226|   -0.009030|
|         430|   -3.678418|    0.998925|    0.016268|   -0.008979|
|         431|   -3.683338|    0.998934|    0.016317|   -0.008925|
|         432|   -3.688542|    0.998992|    0.016373|   -0.008869|
|         433|   -3.693981|    0.999097|    0.016435|   -0.008812|
|         434|   -3.699596|    0.999245|    0.016502|   -0.008755|
|         435|   -3.705318|    0.999432|    0.016573|   -0.008700|
|         436|   -3.711074|    0.999655|    0.016646|   -0.008646|
|         437|   -3.716780|    1.000199|    0.016796|   -0.008561|
|         438|   -3.723982|    1.000500|    0.016871|   -0.008519|
|         439|   -3.729510|    1.001150|    0.017010|   -0.008471|
|         440|   -3.735163|    1.001478|    0.017077|   -0.008450|
|         441|   -3.741199|    1.002124|    0.017182|   -0.008457|
|         442|   -3.745415|    1.002428|    0.017230|   -0.008462|
|         443|   -3.750583|    1.002978|    0.017287|   -0.008535|
|         444|   -3.752194|    1.003224|    0.017311|   -0.008570|
|         445|   -3.755660|    1.003607|    0.017311|   -0.008710|
|         446|   -3.754654|    1.003767|    0.017310|   -0.008774|
|         447|   -3.756555|    1.003930|    0.017250|   -0.008980|
|         448|   -3.754129|    1.003986|    0.017221|   -0.009072|
|         449|   -3.755197|    1.003896|    0.017101|   -0.009336|
|         450|   -3.752911|    1.003835|    0.017047|   -0.009452|
|         451|   -3.754006|    1.003478|    0.016871|   -0.009764|
|         452|   -3.753150|    1.003299|    0.016793|   -0.009899|
|         453|   -3.755031|    1.002685|    0.016570|   -0.010248|
|         454|   -3.756413|    1.002397|    0.016474|   -0.010396|
|         455|   -3.759632|    1.001553|    0.016216|   -0.010764|
|         456|   -3.763580|    1.001172|    0.016107|   -0.010918|
|         457|   -3.768441|    1.000145|    0.015829|   -0.011291|
|         458|   -3.774870|    0.999695|    0.015715|   -0.011443|
|         459|   -3.781426|    0.998543|    0.015434|   -0.011804|
|         460|   -3.789900|    0.998052|    0.015323|   -0.011947|
|         461|   -3.797976|    0.996841|    0.015056|   -0.012281|
|         462|   -3.807800|    0.996338|    0.014953|   -0.012409|
|         463|   -3.817026|    0.995136|    0.014715|   -0.012702|
|         464|   -3.827372|    0.994650|    0.014628|   -0.012811|
|         465|   -3.837237|    0.993520|    0.014432|   -0.013055|
|         466|   -3.847321|    0.993076|    0.014365|   -0.013141|
|         467|   -3.857278|    0.992070|    0.014220|   -0.013329|
|         468|   -3.866565|    0.991688|    0.014177|   -0.013390|
|         469|   -3.876174|    0.990846|    0.014087|   -0.013523|
|         470|   -3.884552|    0.990541|    0.014068|   -0.013561|
|         471|   -3.893617|    0.989884|    0.014034|   -0.013642|
|         472|   -3.901433|    0.989662|    0.014039|   -0.013658|
|         473|   -3.910065|    0.989195|    0.014057|   -0.013696|
|         474|   -3.917992|    0.989055|    0.014082|   -0.013696|
|         475|   -3.926557|    0.988767|    0.014143|   -0.013702|
|         476|   -3.935341|    0.988701|    0.014186|   -0.013691|
|         477|   -3.944324|    0.988567|    0.014279|   -0.013680|
|         478|   -3.954516|    0.988562|    0.014333|   -0.013664|
|         479|   -3.964359|    0.988544|    0.014444|   -0.013651|
|         480|   -3.976093|    0.988582|    0.014504|   -0.013637|
|         481|   -3.987053|    0.988639|    0.014620|   -0.013637|
|         482|   -3.999889|    0.988700|    0.014680|   -0.013631|
|         483|   -4.011914|    0.988784|    0.014787|   -0.013656|
|         484|   -4.024744|    0.988848|    0.014840|   -0.013663|
|         485|   -4.037374|    0.988915|    0.014927|   -0.013723|
|         486|   -4.048469|    0.988963|    0.014969|   -0.013747|
|         487|   -4.060827|    0.988971|    0.015024|   -0.013848|
|         488|   -4.068180|    0.988986|    0.015051|   -0.013891|
|         489|   -4.079169|    0.988903|    0.015068|   -0.014036|
|         490|   -4.081222|    0.988874|    0.015077|   -0.014098|
|         491|   -4.089952|    0.988679|    0.015053|   -0.014286|
|         492|   -4.086392|    0.988597|    0.015043|   -0.014365|
|         493|   -4.092621|    0.988277|    0.014976|   -0.014591|
|         494|   -4.084645|    0.988139|    0.014947|   -0.014685|
|         495|   -4.088886|    0.987695|    0.014840|   -0.014941|
|         496|   -4.078654|    0.987504|    0.014796|   -0.015046|
|         497|   -4.081892|    0.986946|    0.014655|   -0.015321|
|         498|   -4.071644|    0.986707|    0.014596|   -0.015434|
|         499|   -4.074930|    0.986442|    0.014530|   -0.015553|
|         500|   -4.076455|    0.986151|    0.014457|   -0.015679|
+-----------------------------------------------------------------------+
|        File Writing Summary       |              Filename             |
+-----------------------------------------------------------------------+
|SU2 binary restart                 |restart_steady10.dat               |
+-----------------------------------------------------------------------+
+----------------------------------------------------------------+
|  Inner_Iter|    rms[Rho]|          CL|          CD|         CMz|
+----------------------------------------------------------------+
|         501|   -4.077378|    0.985836|    0.014377|   -0.015809|
|         502|   -4.078107|    0.985503|    0.014292|   -0.015943|
|         503|   -4.078683|    0.985157|    0.014205|   -0.016076|
|         504|   -4.079210|    0.984804|    0.014117|   -0.016207|
|         505|   -4.079959|    0.984445|    0.014028|   -0.016335|
|         506|   -4.081234|    0.984084|    0.013940|   -0.016459|
|         507|   -4.083223|    0.983721|    0.013852|   -0.016578|
|         508|   -4.085955|    0.983358|    0.013766|   -0.016692|
|         509|   -4.089359|    0.982995|    0.013680|   -0.016802|
|         510|   -4.093331|    0.982633|    0.013596|   -0.016907|
|         511|   -4.097786|    0.982275|    0.013514|   -0.017007|
|         512|   -4.102673|    0.981921|    0.013435|   -0.017103|
|         513|   -4.107972|    0.981573|    0.013358|   -0.017193|
|         514|   -4.113684|    0.981234|    0.013286|   -0.017278|
|         515|   -4.119815|    0.980906|    0.013217|   -0.017356|
|         516|   -4.126366|    0.980589|    0.013154|   -0.017429|
|         517|   -4.133317|    0.979931|    0.013027|   -0.017574|
|         518|   -4.130698|    0.979690|    0.012989|   -0.017619|
|         519|   -4.144379|    0.979462|    0.012955|   -0.017659|
|         520|   -4.156879|    0.979242|    0.012924|   -0.017696|
|         521|   -4.167885|    0.979030|    0.012897|   -0.017731|
|         522|   -4.177627|    0.978827|    0.012874|   -0.017763|
|         523|   -4.186270|    0.978636|    0.012855|   -0.017792|
|         524|   -4.193876|    0.978461|    0.012842|   -0.017816|
|         525|   -4.200611|    0.978303|    0.012835|   -0.017836|
|         526|   -4.206808|    0.978165|    0.012834|   -0.017850|
|         527|   -4.212815|    0.978046|    0.012840|   -0.017859|
|         528|   -4.218825|    0.977946|    0.012852|   -0.017863|
|         529|   -4.224823|    0.977864|    0.012870|   -0.017864|
|         530|   -4.230656|    0.977797|    0.012892|   -0.017861|
|         531|   -4.236141|    0.977746|    0.012919|   -0.017857|
|         532|   -4.241146|    0.977707|    0.012949|   -0.017851|
|         533|   -4.245612|    0.977681|    0.012982|   -0.017843|
|         534|   -4.249559|    0.977665|    0.013018|   -0.017836|
|         535|   -4.253052|    0.977659|    0.013057|   -0.017829|
|         536|   -4.256183|    0.977662|    0.013098|   -0.017822|
|         537|   -4.259037|    0.977671|    0.013140|   -0.017817|
|         538|   -4.261673|    0.977686|    0.013183|   -0.017813|
|         539|   -4.264116|    0.977698|    0.013265|   -0.017831|
|         540|   -4.241567|    0.977735|    0.013311|   -0.017830|
|         541|   -4.253080|    0.977762|    0.013390|   -0.017866|
|         542|   -4.237423|    0.977798|    0.013431|   -0.017875|
|         543|   -4.252727|    0.977797|    0.013494|   -0.017943|
|         544|   -4.240653|    0.977815|    0.013527|   -0.017968|
|         545|   -4.253104|    0.977763|    0.013570|   -0.018070|
|         546|   -4.241336|    0.977755|    0.013593|   -0.018110|
|         547|   -4.251260|    0.977643|    0.013614|   -0.018241|
|         548|   -4.239344|    0.977607|    0.013628|   -0.018292|
|         549|   -4.248397|    0.977429|    0.013627|   -0.018447|
|         550|   -4.236703|    0.977364|    0.013632|   -0.018507|
|         551|   -4.245600|    0.977117|    0.013607|   -0.018681|
|         552|   -4.234235|    0.977021|    0.013602|   -0.018748|
|         553|   -4.242991|    0.976906|    0.013591|   -0.018823|
|         554|   -4.247805|    0.976772|    0.013573|   -0.018903|
|         555|   -4.250926|    0.976619|    0.013550|   -0.018990|
|         556|   -4.253183|    0.976452|    0.013523|   -0.019081|
|         557|   -4.254542|    0.976274|    0.013493|   -0.019173|
|         558|   -4.255023|    0.976088|    0.013460|   -0.019266|
|         559|   -4.255027|    0.975894|    0.013425|   -0.019358|
|         560|   -4.255093|    0.975695|    0.013388|   -0.019449|
|         561|   -4.255552|    0.975489|    0.013349|   -0.019540|
|         562|   -4.256413|    0.975276|    0.013307|   -0.019630|
|         563|   -4.257467|    0.975057|    0.013263|   -0.019719|
|         564|   -4.258464|    0.974832|    0.013217|   -0.019809|
|         565|   -4.259228|    0.974601|    0.013168|   -0.019898|
|         566|   -4.259698|    0.974366|    0.013118|   -0.019987|
|         567|   -4.259914|    0.974128|    0.013066|   -0.020074|
|         568|   -4.259973|    0.973889|    0.013014|   -0.020160|
|         569|   -4.259991|    0.973649|    0.012962|   -0.020245|
|         570|   -4.260068|    0.973411|    0.012910|   -0.020326|
|         571|   -4.260260|    0.973175|    0.012858|   -0.020406|
|         572|   -4.260574|    0.972943|    0.012808|   -0.020482|
|         573|   -4.260978|    0.972715|    0.012759|   -0.020555|
|         574|   -4.261415|    0.972492|    0.012712|   -0.020624|
|         575|   -4.261828|    0.972275|    0.012667|   -0.020691|
|         576|   -4.262174|    0.972066|    0.012625|   -0.020753|
|         577|   -4.262432|    0.971865|    0.012585|   -0.020812|
|         578|   -4.262608|    0.971672|    0.012547|   -0.020867|
|         579|   -4.262728|    0.971489|    0.012513|   -0.020918|
|         580|   -4.262828|    0.971315|    0.012481|   -0.020966|
|         581|   -4.262949|    0.971152|    0.012453|   -0.021009|
|         582|   -4.263128|    0.971000|    0.012428|   -0.021049|
|         583|   -4.263389|    0.970859|    0.012406|   -0.021085|
|         584|   -4.263750|    0.970729|    0.012387|   -0.021118|
|         585|   -4.264219|    0.970609|    0.012371|   -0.021147|
|         586|   -4.264794|    0.970501|    0.012358|   -0.021174|
|         587|   -4.265467|    0.970404|    0.012347|   -0.021198|
|         588|   -4.266228|    0.970317|    0.012340|   -0.021219|
|         589|   -4.267066|    0.970240|    0.012335|   -0.021239|
|         590|   -4.267968|    0.970172|    0.012333|   -0.021257|
|         591|   -4.268921|    0.970033|    0.012324|   -0.021307|
|         592|   -4.243935|    0.970009|    0.012333|   -0.021315|
|         593|   -4.254531|    0.969936|    0.012341|   -0.021359|
|         594|   -4.237681|    0.969935|    0.012354|   -0.021368|
|         595|   -4.252489|    0.969893|    0.012367|   -0.021421|
|         596|   -4.240003|    0.969901|    0.012381|   -0.021436|
|         597|   -4.252950|    0.969872|    0.012395|   -0.021504|
|         598|   -4.241855|    0.969884|    0.012410|   -0.021526|
|         599|   -4.253435|    0.969859|    0.012425|   -0.021608|
|         600|   -4.243125|    0.969872|    0.012440|   -0.021635|
|         601|   -4.254748|    0.969839|    0.012452|   -0.021732|
|         602|   -4.245062|    0.969845|    0.012466|   -0.021766|
|         603|   -4.257105|    0.969841|    0.012476|   -0.021806|
|         604|   -4.264700|    0.969827|    0.012483|   -0.021852|
|         605|   -4.270187|    0.969803|    0.012487|   -0.021905|
|         606|   -4.274529|    0.969772|    0.012489|   -0.021961|
|         607|   -4.277769|    0.969734|    0.012490|   -0.022021|
|         608|   -4.279951|    0.969692|    0.012489|   -0.022082|
|         609|   -4.281467|    0.969643|    0.012487|   -0.022146|
|         610|   -4.282836|    0.969588|    0.012483|   -0.022211|
|         611|   -4.284357|    0.969525|    0.012477|   -0.022279|
|         612|   -4.285996|    0.969452|    0.012468|   -0.022350|
|         613|   -4.287504|    0.969369|    0.012455|   -0.022424|
|         614|   -4.288603|    0.969275|    0.012439|   -0.022502|
|         615|   -4.289116|    0.969170|    0.012420|   -0.022584|
|         616|   -4.289014|    0.969055|    0.012397|   -0.022670|
|         617|   -4.288387|    0.968929|    0.012371|   -0.022758|
|         618|   -4.287400|    0.968794|    0.012343|   -0.022848|
|         619|   -4.286234|    0.968651|    0.012312|   -0.022941|
|         620|   -4.285040|    0.968498|    0.012279|   -0.023036|
|         621|   -4.283915|    0.968338|    0.012244|   -0.023132|
|         622|   -4.282896|    0.968171|    0.012207|   -0.023229|
|         623|   -4.281963|    0.967996|    0.012169|   -0.023327|
|         624|   -4.281069|    0.967814|    0.012129|   -0.023425|
|         625|   -4.280159|    0.967626|    0.012089|   -0.023524|
|         626|   -4.279193|    0.967433|    0.012047|   -0.023623|
|         627|   -4.278159|    0.967235|    0.012005|   -0.023722|
|         628|   -4.277069|    0.967033|    0.011962|   -0.023820|
|         629|   -4.275962|    0.966828|    0.011919|   -0.023918|
|         630|   -4.274884|    0.966621|    0.011876|   -0.024014|
|         631|   -4.273887|    0.966411|    0.011834|   -0.024108|
|         632|   -4.273013|    0.966201|    0.011791|   -0.024201|
|         633|   -4.272293|    0.965990|    0.011749|   -0.024292|
|         634|   -4.271744|    0.965780|    0.011707|   -0.024381|
|         635|   -4.271372|    0.965570|    0.011666|   -0.024468|
|         636|   -4.271170|    0.965361|    0.011626|   -0.024553|
|         637|   -4.271129|    0.965155|    0.011586|   -0.024635|
|         638|   -4.271232|    0.964951|    0.011547|   -0.024715|
|         639|   -4.271463|    0.964749|    0.011509|   -0.024794|
|         640|   -4.271802|    0.964551|    0.011471|   -0.024870|
|         641|   -4.272228|    0.964113|    0.011384|   -0.025043|
|         642|   -4.246024|    0.963949|    0.011356|   -0.025105|
|         643|   -4.256618|    0.963566|    0.011282|   -0.025258|
|         644|   -4.239434|    0.963426|    0.011259|   -0.025312|
|         645|   -4.254571|    0.963082|    0.011193|   -0.025459|
|         646|   -4.242076|    0.962960|    0.011173|   -0.025511|
|         647|   -4.255058|    0.962654|    0.011115|   -0.025653|
|         648|   -4.243594|    0.962550|    0.011099|   -0.025703|
|         649|   -4.254782|    0.962286|    0.011050|   -0.025839|
|         650|   -4.243488|    0.962200|    0.011039|   -0.025886|
|         651|   -4.254402|    0.961973|    0.010998|   -0.026018|
|         652|   -4.243076|    0.961903|    0.010989|   -0.026064|
|         653|   -4.254116|    0.961705|    0.010953|   -0.026197|
|         654|   -4.242464|    0.961644|    0.010945|   -0.026244|
|         655|   -4.253339|    0.961579|    0.010936|   -0.026295|
|         656|   -4.259516|    0.961508|    0.010924|   -0.026351|
|         657|   -4.263472|    0.961434|    0.010910|   -0.026411|
|         658|   -4.266230|    0.961357|    0.010895|   -0.026475|
|         659|   -4.267839|    0.961280|    0.010880|   -0.026540|
|         660|   -4.268378|    0.961204|    0.010865|   -0.026606|
|         661|   -4.268342|    0.961128|    0.010849|   -0.026672|
|         662|   -4.268336|    0.961051|    0.010832|   -0.026741|
|         663|   -4.268680|    0.960971|    0.010813|   -0.026811|
|         664|   -4.269292|    0.960887|    0.010793|   -0.026884|
|         665|   -4.269849|    0.960799|    0.010771|   -0.026960|
|         666|   -4.270016|    0.960705|    0.010747|   -0.027040|
|         667|   -4.269604|    0.960606|    0.010720|   -0.027122|
|         668|   -4.268594|    0.960502|    0.010692|   -0.027208|
|         669|   -4.267108|    0.960392|    0.010662|   -0.027296|
|         670|   -4.265337|    0.960278|    0.010631|   -0.027387|
|         671|   -4.263480|    0.960158|    0.010599|   -0.027479|
|         672|   -4.261698|    0.960034|    0.010565|   -0.027573|
|         673|   -4.260082|    0.959904|    0.010531|   -0.027669|
|         674|   -4.258652|    0.959768|    0.010495|   -0.027766|
|         675|   -4.257368|    0.959627|    0.010459|   -0.027865|
|         676|   -4.256160|    0.959480|    0.010421|   -0.027966|
|         677|   -4.254951|    0.959326|    0.010383|   -0.028067|
|         678|   -4.253681|    0.959166|    0.010344|   -0.028170|
|         679|   -4.252321|    0.959000|    0.010304|   -0.028274|
|         680|   -4.250868|    0.958828|    0.010264|   -0.028379|
|         681|   -4.249345|    0.958650|    0.010223|   -0.028485|
|         682|   -4.247789|    0.958465|    0.010181|   -0.028591|
|         683|   -4.246243|    0.958276|    0.010139|   -0.028697|
|         684|   -4.244748|    0.958080|    0.010096|   -0.028803|
|         685|   -4.243335|    0.957880|    0.010053|   -0.028910|
|         686|   -4.242029|    0.957674|    0.010009|   -0.029016|
|         687|   -4.240847|    0.957464|    0.009965|   -0.029123|
|         688|   -4.239795|    0.957249|    0.009921|   -0.029229|
|         689|   -4.238877|    0.957030|    0.009876|   -0.029335|
|         690|   -4.238092|    0.956808|    0.009831|   -0.029440|
|         691|   -4.237439|    0.956582|    0.009786|   -0.029546|
|         692|   -4.236911|    0.956352|    0.009741|   -0.029651|
|         693|   -4.236506|    0.956121|    0.009696|   -0.029755|
|         694|   -4.236217|    0.955887|    0.009651|   -0.029859|
|         695|   -4.236037|    0.955652|    0.009606|   -0.029963|
|         696|   -4.235957|    0.955123|    0.009502|   -0.030198|
|         697|   -4.209386|    0.954911|    0.009465|   -0.030288|
|         698|   -4.218955|    0.954415|    0.009374|   -0.030504|
|         699|   -4.200963|    0.954220|    0.009342|   -0.030587|
|         700|   -4.215224|    0.953747|    0.009258|   -0.030795|
|         701|   -4.202434|    0.953563|    0.009230|   -0.030875|
|         702|   -4.215486|    0.953115|    0.009154|   -0.031076|
|         703|   -4.204611|    0.952943|    0.009129|   -0.031152|
|         704|   -4.216761|    0.952527|    0.009061|   -0.031343|
|         705|   -4.206439|    0.952369|    0.009041|   -0.031415|
|         706|   -4.218782|    0.952208|    0.009018|   -0.031489|
|         707|   -4.226764|    0.952042|    0.008994|   -0.031567|
|         708|   -4.232760|    0.951872|    0.008970|   -0.031647|
|         709|   -4.237616|    0.951703|    0.008944|   -0.031729|
|         710|   -4.241220|    0.951535|    0.008919|   -0.031811|
|         711|   -4.243465|    0.951371|    0.008894|   -0.031892|
|         712|   -4.244669|    0.951212|    0.008870|   -0.031972|
|         713|   -4.245358|    0.951057|    0.008846|   -0.032051|
|         714|   -4.245912|    0.950905|    0.008822|   -0.032130|
|         715|   -4.246423|    0.950755|    0.008797|   -0.032209|
|         716|   -4.246785|    0.950606|    0.008771|   -0.032290|
|         717|   -4.246858|    0.950458|    0.008743|   -0.032372|
|         718|   -4.246569|    0.950310|    0.008715|   -0.032455|
|         719|   -4.245949|    0.950163|    0.008685|   -0.032540|
|         720|   -4.245094|    0.950017|    0.008654|   -0.032627|
|         721|   -4.244126|    0.949872|    0.008623|   -0.032714|
|         722|   -4.243156|    0.949727|    0.008591|   -0.032802|
|         723|   -4.242257|    0.949584|    0.008559|   -0.032891|
|         724|   -4.241451|    0.949441|    0.008527|   -0.032980|
|         725|   -4.240714|    0.949298|    0.008494|   -0.033071|
|         726|   -4.239991|    0.949156|    0.008460|   -0.033161|
|         727|   -4.239216|    0.949013|    0.008427|   -0.033253|
|         728|   -4.238334|    0.948869|    0.008393|   -0.033345|
|         729|   -4.237313|    0.948724|    0.008359|   -0.033438|
|         730|   -4.236151|    0.948578|    0.008325|   -0.033531|
|         731|   -4.234876|    0.948431|    0.008290|   -0.033625|
|         732|   -4.233533|    0.948282|    0.008255|   -0.033719|
|         733|   -4.232178|    0.948130|    0.008219|   -0.033813|
|         734|   -4.230865|    0.947977|    0.008184|   -0.033908|
|         735|   -4.229646|    0.947820|    0.008147|   -0.034003|
|         736|   -4.228557|    0.947661|    0.008110|   -0.034099|
|         737|   -4.227622|    0.947498|    0.008072|   -0.034195|
|         738|   -4.226853|    0.947331|    0.008034|   -0.034291|
|         739|   -4.226256|    0.947161|    0.007995|   -0.034388|
|         740|   -4.225826|    0.946987|    0.007955|   -0.034485|
|         741|   -4.225555|    0.946808|    0.007914|   -0.034583|
|         742|   -4.225434|    0.946626|    0.007872|   -0.034682|
|         743|   -4.225452|    0.946199|    0.007772|   -0.034908|
|         744|   -4.193675|    0.946026|    0.007735|   -0.034997|
|         745|   -4.205025|    0.945599|    0.007639|   -0.035214|
|         746|   -4.184128|    0.945426|    0.007604|   -0.035299|
|         747|   -4.201156|    0.944990|    0.007510|   -0.035516|
|         748|   -4.187323|    0.944813|    0.007476|   -0.035601|
|         749|   -4.203188|    0.944373|    0.007387|   -0.035816|
|         750|   -4.192120|    0.944197|    0.007355|   -0.035899|
+-----------------------------------------------------------------------+
|        File Writing Summary       |              Filename             |
+-----------------------------------------------------------------------+
|SU2 binary restart                 |restart_steady10.dat               |
+-----------------------------------------------------------------------+
+----------------------------------------------------------------+
|  Inner_Iter|    rms[Rho]|          CL|          CD|         CMz|
+----------------------------------------------------------------+
|         751|   -4.206631|    0.943763|    0.007274|   -0.036107|
|         752|   -4.196390|    0.943591|    0.007246|   -0.036186|
|         753|   -4.210744|    0.943171|    0.007172|   -0.036385|
|         754|   -4.200728|    0.943005|    0.007148|   -0.036460|
|         755|   -4.215412|    0.942599|    0.007081|   -0.036652|
|         756|   -4.205328|    0.942439|    0.007059|   -0.036725|
|         757|   -4.220177|    0.942273|    0.007035|   -0.036801|
|         758|   -4.229893|    0.942099|    0.007009|   -0.036883|
|         759|   -4.237367|    0.941919|    0.006981|   -0.036967|
|         760|   -4.243615|    0.941738|    0.006952|   -0.037053|
|         761|   -4.248387|    0.941558|    0.006924|   -0.037139|
|         762|   -4.251492|    0.941381|    0.006897|   -0.037223|
|         763|   -4.253383|    0.941001|    0.006834|   -0.037409|
|         764|   -4.222324|    0.940857|    0.006815|   -0.037477|
|         765|   -4.235727|    0.940713|    0.006794|   -0.037546|
|         766|   -4.246817|    0.940565|    0.006772|   -0.037620|
|         767|   -4.254440|    0.940413|    0.006747|   -0.037697|
|         768|   -4.259366|    0.940259|    0.006720|   -0.037778|
|         769|   -4.262452|    0.940104|    0.006692|   -0.037860|
|         770|   -4.264053|    0.939952|    0.006665|   -0.037942|
|         771|   -4.264474|    0.939805|    0.006639|   -0.038022|
|         772|   -4.264302|    0.939664|    0.006614|   -0.038099|
|         773|   -4.264230|    0.939529|    0.006592|   -0.038174|
|         774|   -4.264698|    0.939400|    0.006570|   -0.038247|
|         775|   -4.265746|    0.939274|    0.006548|   -0.038319|
|         776|   -4.267122|    0.939152|    0.006527|   -0.038390|
|         777|   -4.268498|    0.939033|    0.006506|   -0.038460|
|         778|   -4.269626|    0.938915|    0.006484|   -0.038531|
|         779|   -4.270395|    0.938799|    0.006462|   -0.038601|
|         780|   -4.270823|    0.938686|    0.006440|   -0.038672|
|         781|   -4.271015|    0.938574|    0.006418|   -0.038741|
|         782|   -4.271116|    0.938464|    0.006396|   -0.038810|
|         783|   -4.271273|    0.938357|    0.006374|   -0.038878|
|         784|   -4.271593|    0.938251|    0.006351|   -0.038945|
|         785|   -4.272133|    0.938146|    0.006328|   -0.039012|
|         786|   -4.272894|    0.938043|    0.006305|   -0.039078|
|         787|   -4.273837|    0.937940|    0.006281|   -0.039143|
|         788|   -4.274903|    0.937838|    0.006258|   -0.039209|
|         789|   -4.276028|    0.937736|    0.006233|   -0.039273|
|         790|   -4.277160|    0.937634|    0.006208|   -0.039338|
|         791|   -4.278267|    0.937532|    0.006183|   -0.039402|
|         792|   -4.279337|    0.937431|    0.006158|   -0.039466|
|         793|   -4.280370|    0.937329|    0.006132|   -0.039530|
|         794|   -4.281379|    0.937227|    0.006106|   -0.039593|
|         795|   -4.282377|    0.937126|    0.006081|   -0.039656|
|         796|   -4.283377|    0.937025|    0.006055|   -0.039718|
|         797|   -4.284382|    0.936925|    0.006029|   -0.039780|
|         798|   -4.285399|    0.936825|    0.006004|   -0.039841|
|         799|   -4.286427|    0.936726|    0.005979|   -0.039901|
|         800|   -4.287459|    0.936627|    0.005955|   -0.039961|
|         801|   -4.288496|    0.936531|    0.005931|   -0.040020|
|         802|   -4.289528|    0.936312|    0.005874|   -0.040154|
|         803|   -4.248300|    0.936234|    0.005857|   -0.040201|
|         804|   -4.265880|    0.936043|    0.005810|   -0.040319|
|         805|   -4.240349|    0.935977|    0.005797|   -0.040360|
|         806|   -4.265241|    0.935805|    0.005756|   -0.040469|
|         807|   -4.247608|    0.935746|    0.005745|   -0.040506|
|         808|   -4.270282|    0.935684|    0.005733|   -0.040545|
|         809|   -4.283272|    0.935619|    0.005719|   -0.040587|
|         810|   -4.292030|    0.935555|    0.005706|   -0.040629|
|         811|   -4.298900|    0.935493|    0.005693|   -0.040670|
|         812|   -4.303859|    0.935437|    0.005682|   -0.040707|
|         813|   -4.306882|    0.935387|    0.005673|   -0.040741|
|         814|   -4.308855|    0.935343|    0.005665|   -0.040772|
|         815|   -4.310943|    0.935304|    0.005659|   -0.040800|
|         816|   -4.313761|    0.935270|    0.005653|   -0.040827|
|         817|   -4.317167|    0.935239|    0.005647|   -0.040853|
|         818|   -4.320576|    0.935210|    0.005640|   -0.040879|
|         819|   -4.323373|    0.935184|    0.005633|   -0.040905|
|         820|   -4.325170|    0.935160|    0.005626|   -0.040931|
|         821|   -4.325880|    0.935140|    0.005618|   -0.040957|
|         822|   -4.325675|    0.935124|    0.005611|   -0.040982|
|         823|   -4.324877|    0.935114|    0.005604|   -0.041005|
|         824|   -4.323854|    0.935109|    0.005599|   -0.041026|
|         825|   -4.322922|    0.935111|    0.005595|   -0.041044|
|         826|   -4.322281|    0.935119|    0.005592|   -0.041061|
|         827|   -4.321994|    0.935133|    0.005590|   -0.041076|
|         828|   -4.322015|    0.935153|    0.005590|   -0.041088|
|         829|   -4.322231|    0.935179|    0.005591|   -0.041098|
|         830|   -4.322512|    0.935211|    0.005594|   -0.041106|
|         831|   -4.322744|    0.935249|    0.005597|   -0.041113|
|         832|   -4.322848|    0.935293|    0.005601|   -0.041117|
|         833|   -4.322791|    0.935343|    0.005607|   -0.041119|
|         834|   -4.322587|    0.935398|    0.005613|   -0.041119|
|         835|   -4.322275|    0.935459|    0.005621|   -0.041118|
|         836|   -4.321900|    0.935526|    0.005629|   -0.041114|
|         837|   -4.321502|    0.935597|    0.005637|   -0.041109|
|         838|   -4.321121|    0.935674|    0.005646|   -0.041102|
|         839|   -4.320756|    0.935755|    0.005655|   -0.041093|
|         840|   -4.320402|    0.935841|    0.005665|   -0.041083|
|         841|   -4.320039|    0.935931|    0.005674|   -0.041072|
|         842|   -4.319644|    0.936025|    0.005684|   -0.041059|
|         843|   -4.319192|    0.936122|    0.005693|   -0.041046|
|         844|   -4.318659|    0.936223|    0.005702|   -0.041031|
|         845|   -4.318030|    0.936327|    0.005712|   -0.041016|
|         846|   -4.317293|    0.936545|    0.005723|   -0.040992|
|         847|   -4.264694|    0.936659|    0.005734|   -0.040971|
|         848|   -4.284642|    0.936895|    0.005748|   -0.040940|
|         849|   -4.252746|    0.937015|    0.005761|   -0.040916|
|         850|   -4.279209|    0.937270|    0.005779|   -0.040878|
|         851|   -4.255156|    0.937400|    0.005793|   -0.040851|
|         852|   -4.276541|    0.937680|    0.005817|   -0.040803|
|         853|   -4.253715|    0.937821|    0.005835|   -0.040771|
|         854|   -4.271792|    0.938130|    0.005866|   -0.040711|
|         855|   -4.248966|    0.938283|    0.005886|   -0.040675|
|         856|   -4.266919|    0.938615|    0.005921|   -0.040607|
|         857|   -4.244100|    0.938777|    0.005942|   -0.040569|
|         858|   -4.262343|    0.939131|    0.005978|   -0.040496|
|         859|   -4.238611|    0.939301|    0.005999|   -0.040455|
|         860|   -4.255906|    0.939476|    0.006019|   -0.040415|
|         861|   -4.263876|    0.939655|    0.006039|   -0.040374|
|         862|   -4.266944|    0.939841|    0.006058|   -0.040332|
|         863|   -4.266990|    0.940033|    0.006078|   -0.040289|
|         864|   -4.264230|    0.940232|    0.006098|   -0.040244|
|         865|   -4.259288|    0.940436|    0.006119|   -0.040196|
|         866|   -4.253613|    0.940644|    0.006139|   -0.040148|
|         867|   -4.248565|    0.940856|    0.006160|   -0.040099|
|         868|   -4.244659|    0.941070|    0.006180|   -0.040049|
|         869|   -4.241581|    0.941287|    0.006200|   -0.040000|
|         870|   -4.238645|    0.941506|    0.006219|   -0.039951|
|         871|   -4.235227|    0.941974|    0.006252|   -0.039854|
|         872|   -4.184809|    0.942198|    0.006273|   -0.039803|
|         873|   -4.197242|    0.942690|    0.006312|   -0.039698|
|         874|   -4.164631|    0.942924|    0.006336|   -0.039642|
|         875|   -4.180461|    0.943166|    0.006360|   -0.039583|
|         876|   -4.186460|    0.943418|    0.006386|   -0.039522|
|         877|   -4.187260|    0.943680|    0.006414|   -0.039458|
|         878|   -4.185627|    0.943954|    0.006443|   -0.039389|
|         879|   -4.182169|    0.944239|    0.006475|   -0.039316|
|         880|   -4.177340|    0.944532|    0.006508|   -0.039240|
|         881|   -4.172228|    0.944832|    0.006542|   -0.039161|
|         882|   -4.167940|    0.945137|    0.006576|   -0.039081|
|         883|   -4.164897|    0.945445|    0.006610|   -0.039000|
|         884|   -4.162773|    0.945755|    0.006642|   -0.038920|
|         885|   -4.160890|    0.946067|    0.006674|   -0.038840|
|         886|   -4.158629|    0.946382|    0.006704|   -0.038761|
|         887|   -4.155645|    0.946699|    0.006733|   -0.038682|
|         888|   -4.151879|    0.947020|    0.006762|   -0.038603|
|         889|   -4.147482|    0.947346|    0.006790|   -0.038523|
|         890|   -4.142717|    0.947676|    0.006818|   -0.038442|
|         891|   -4.137870|    0.948010|    0.006846|   -0.038360|
|         892|   -4.133179|    0.948350|    0.006875|   -0.038277|
|         893|   -4.128792|    0.948694|    0.006903|   -0.038192|
|         894|   -4.124760|    0.949043|    0.006933|   -0.038106|
|         895|   -4.121055|    0.949395|    0.006963|   -0.038020|
|         896|   -4.117602|    0.949752|    0.006993|   -0.037932|
|         897|   -4.114318|    0.950113|    0.007024|   -0.037844|
|         898|   -4.111131|    0.950478|    0.007056|   -0.037754|
|         899|   -4.107993|    0.950847|    0.007089|   -0.037663|
|         900|   -4.104882|    0.951220|    0.007122|   -0.037572|
|         901|   -4.101801|    0.951597|    0.007157|   -0.037479|
|         902|   -4.098759|    0.951979|    0.007192|   -0.037386|
|         903|   -4.095774|    0.952364|    0.007227|   -0.037292|
|         904|   -4.092857|    0.952753|    0.007264|   -0.037196|
|         905|   -4.090012|    0.953588|    0.007336|   -0.037001|
|         906|   -4.058980|    0.953971|    0.007373|   -0.036908|
|         907|   -4.066255|    0.954806|    0.007446|   -0.036715|
|         908|   -4.046101|    0.955183|    0.007482|   -0.036624|
|         909|   -4.056673|    0.956028|    0.007556|   -0.036430|
|         910|   -4.040666|    0.956411|    0.007592|   -0.036338|
|         911|   -4.049014|    0.956805|    0.007629|   -0.036243|
|         912|   -4.052624|    0.957210|    0.007667|   -0.036146|
|         913|   -4.053903|    0.957629|    0.007705|   -0.036045|
|         914|   -4.053707|    0.958058|    0.007744|   -0.035942|
|         915|   -4.052157|    0.958990|    0.007822|   -0.035726|
|         916|   -4.026952|    0.959416|    0.007860|   -0.035623|
|         917|   -4.031889|    0.959843|    0.007898|   -0.035522|
|         918|   -4.036222|    0.960273|    0.007933|   -0.035421|
|         919|   -4.038744|    0.960706|    0.007968|   -0.035322|
|         920|   -4.039409|    0.961144|    0.008001|   -0.035222|
|         921|   -4.038533|    0.961588|    0.008035|   -0.035122|
|         922|   -4.036439|    0.962038|    0.008068|   -0.035021|
|         923|   -4.033532|    0.962492|    0.008102|   -0.034920|
|         924|   -4.030337|    0.962951|    0.008135|   -0.034818|
|         925|   -4.027337|    0.963412|    0.008169|   -0.034715|
|         926|   -4.024803|    0.963875|    0.008202|   -0.034613|
|         927|   -4.022746|    0.964339|    0.008235|   -0.034511|
|         928|   -4.021010|    0.964805|    0.008268|   -0.034409|
|         929|   -4.019394|    0.965272|    0.008301|   -0.034308|
|         930|   -4.017744|    0.965741|    0.008333|   -0.034207|
|         931|   -4.015981|    0.966213|    0.008365|   -0.034106|
|         932|   -4.014096|    0.966687|    0.008397|   -0.034004|
|         933|   -4.012131|    0.967164|    0.008430|   -0.033901|
|         934|   -4.010150|    0.967644|    0.008463|   -0.033798|
|         935|   -4.008218|    0.968127|    0.008496|   -0.033694|
|         936|   -4.006383|    0.968613|    0.008529|   -0.033589|
|         937|   -4.004671|    0.969100|    0.008561|   -0.033484|
|         938|   -4.003082|    0.969590|    0.008594|   -0.033378|
|         939|   -4.001601|    0.970082|    0.008627|   -0.033271|
|         940|   -4.000204|    0.970576|    0.008659|   -0.033165|
|         941|   -3.998866|    0.971071|    0.008690|   -0.033058|
|         942|   -3.997570|    0.971568|    0.008721|   -0.032951|
|         943|   -3.996306|    0.972067|    0.008752|   -0.032844|
|         944|   -3.995072|    0.972567|    0.008782|   -0.032737|
|         945|   -3.993870|    0.973069|    0.008812|   -0.032631|
|         946|   -3.992706|    0.973573|    0.008841|   -0.032524|
|         947|   -3.991587|    0.974078|    0.008870|   -0.032417|
|         948|   -3.990517|    0.974584|    0.008898|   -0.032311|
|         949|   -3.989501|    0.975667|    0.008951|   -0.032094|
|         950|   -3.971316|    0.976158|    0.008979|   -0.031991|
|         951|   -3.976288|    0.977224|    0.009032|   -0.031779|
|         952|   -3.964450|    0.977703|    0.009060|   -0.031678|
|         953|   -3.971937|    0.978769|    0.009115|   -0.031466|
|         954|   -3.963191|    0.979248|    0.009144|   -0.031365|
|         955|   -3.969751|    0.980327|    0.009202|   -0.031149|
|         956|   -3.961934|    0.980811|    0.009231|   -0.031046|
|         957|   -3.967989|    0.981903|    0.009290|   -0.030829|
|         958|   -3.960638|    0.982392|    0.009320|   -0.030726|
|         959|   -3.966942|    0.983489|    0.009376|   -0.030510|
|         960|   -3.960088|    0.983980|    0.009404|   -0.030409|
|         961|   -3.966687|    0.985078|    0.009456|   -0.030198|
|         962|   -3.960080|    0.985568|    0.009481|   -0.030100|
|         963|   -3.966650|    0.986067|    0.009506|   -0.030001|
|         964|   -3.970923|    0.986577|    0.009530|   -0.029901|
|         965|   -3.973869|    0.987098|    0.009553|   -0.029800|
|         966|   -3.975839|    0.987627|    0.009576|   -0.029698|
|         967|   -3.976873|    0.988163|    0.009598|   -0.029596|
|         968|   -3.977165|    0.988701|    0.009619|   -0.029495|
|         969|   -3.977130|    0.989240|    0.009639|   -0.029394|
|         970|   -3.977170|    0.989778|    0.009658|   -0.029294|
|         971|   -3.977470|    0.990313|    0.009676|   -0.029196|
|         972|   -3.977989|    0.990847|    0.009694|   -0.029099|
|         973|   -3.978579|    0.991982|    0.009725|   -0.028905|
|         974|   -3.964483|    0.992490|    0.009741|   -0.028813|
|         975|   -3.970190|    0.993599|    0.009774|   -0.028624|
|         976|   -3.961115|    0.994093|    0.009793|   -0.028533|
|         977|   -3.968775|    0.994596|    0.009813|   -0.028441|
|         978|   -3.973436|    0.995109|    0.009833|   -0.028346|
|         979|   -3.976463|    0.995635|    0.009854|   -0.028248|
|         980|   -3.978600|    0.996172|    0.009876|   -0.028148|
|         981|   -3.980001|    0.996716|    0.009899|   -0.028047|
|         982|   -3.980815|    0.997263|    0.009920|   -0.027945|
|         983|   -3.981409|    0.997812|    0.009941|   -0.027844|
|         984|   -3.982173|    0.998358|    0.009961|   -0.027744|
|         985|   -3.983282|    0.998902|    0.009980|   -0.027646|
|         986|   -3.984666|    0.999442|    0.009996|   -0.027550|
|         987|   -3.986130|    0.999978|    0.010012|   -0.027455|
|         988|   -3.987494|    1.000513|    0.010026|   -0.027362|
|         989|   -3.988661|    1.001046|    0.010038|   -0.027270|
|         990|   -3.989618|    1.001578|    0.010050|   -0.027179|
|         991|   -3.990407|    1.002110|    0.010060|   -0.027088|
|         992|   -3.991100|    1.002643|    0.010071|   -0.026998|
^C